Microsoft (R) Macro Assembler Version 14.11.25547.0	    09/26/18 14:15:48
Example2_.asm						     Page 1 - 1


							.model flat,c
 00000000						.code

				; extern "C" void CalcResult2_(int a, int b, int c, int* quo, int* rem);

 00000000			CalcResult2_ proc
 00000000  55					push ebp
 00000001  8B EC				mov ebp,esp
				; Calculate (a+b) / c
 00000003  8B 45 08				mov eax,[ebp+8]						;eax = a
 00000006  8B 4D 0C				mov ecx,[ebp+12]					;ecx = b
 00000009  03 C1				add eax,ecx							;eax = a + b 

 0000000B  99					cdq									;edx:eax contains dividend
 0000000C  F7 7D 10				idiv dword ptr [ebp+16]				;eax = quotient, edx = rem

 0000000F  8B 4D 14				mov ecx,[ebp+20]					;ecx = ptr to quo
 00000012  89 01				mov dword ptr [ecx],eax				;save quotient
 00000014  8B 4D 18				mov ecx,[ebp+24]					;ecx = ptr to rem
 00000017  89 11				mov dword ptr [ecx],edx				;save remainder

 00000019  5D					pop ebp
 0000001A  C3					ret
 0000001B			CalcResult2_ endp
						end
Microsoft (R) Macro Assembler Version 14.11.25547.0	    09/26/18 14:15:48
Example2_.asm						     Symbols 2 - 1




Segments and Groups:

                N a m e                 Size     Length   Align   Combine Class

FLAT . . . . . . . . . . . . . .	GROUP
_DATA  . . . . . . . . . . . . .	32 Bit	 00000000 Para	  Public  'DATA'	
_TEXT  . . . . . . . . . . . . .	32 Bit	 0000001B Para	  Public  'CODE'	


Procedures, parameters, and locals:

                N a m e                 Type     Value    Attr

CalcResult2_ . . . . . . . . . .	P Near	 00000000 _TEXT	Length= 0000001B Public C


Symbols:

                N a m e                 Type     Value    Attr

@CodeSize  . . . . . . . . . . .	Number	 00000000h   
@DataSize  . . . . . . . . . . .	Number	 00000000h   
@Interface . . . . . . . . . . .	Number	 00000001h   
@Model . . . . . . . . . . . . .	Number	 00000007h   
@code  . . . . . . . . . . . . .	Text   	 _TEXT
@data  . . . . . . . . . . . . .	Text   	 FLAT
@fardata?  . . . . . . . . . . .	Text   	 FLAT
@fardata . . . . . . . . . . . .	Text   	 FLAT
@stack . . . . . . . . . . . . .	Text   	 FLAT

	   0 Warnings
	   0 Errors
