Microsoft (R) Macro Assembler Version 14.14.26431.0	    10/18/18 17:57:59
Problem1.asm						     Page 1 - 1


						.model flat,c
 00000000					.code

				; 	extern "C" int problem1_(int a, int b, int c);

 00000000			problem1_ proc
 00000000  55						push ebp
 00000001  8B EC					mov ebp, esp

 00000003  8B 45 08					mov eax,[ebp+8]
 00000006  8B 4D 0C					mov ecx,[ebp+12]
 00000009  8B 55 10					mov edx,[ebp+16]

 0000000C  3B C1					cmp eax,ecx
 0000000E  7D 08					jnl elseLarge
 00000010  8B 55 08					mov edx,[ebp+8]
 00000013  83 C2 01					add edx,1
 00000016  EB 04					jmp probEnd

 00000018  2B C1		elseLarge:	sub eax,ecx
 0000001A  8B D0					mov edx,eax

 0000001C  8B C2		probEnd:	mov eax,edx
 0000001E  5D						pop ebp
 0000001F  C3						ret
 00000020			problem1_ endp
						end
Microsoft (R) Macro Assembler Version 14.14.26431.0	    10/18/18 17:57:59
Problem1.asm						     Symbols 2 - 1




Segments and Groups:

                N a m e                 Size     Length   Align   Combine Class

FLAT . . . . . . . . . . . . . .	GROUP
_DATA  . . . . . . . . . . . . .	32 Bit	 00000000 Para	  Public  'DATA'	
_TEXT  . . . . . . . . . . . . .	32 Bit	 00000020 Para	  Public  'CODE'	


Procedures, parameters, and locals:

                N a m e                 Type     Value    Attr

problem1_  . . . . . . . . . . .	P Near	 00000000 _TEXT	Length= 00000020 Public C
  elseLarge  . . . . . . . . . .	L Near	 00000018 _TEXT	
  probEnd  . . . . . . . . . . .	L Near	 0000001C _TEXT	


Symbols:

                N a m e                 Type     Value    Attr

@CodeSize  . . . . . . . . . . .	Number	 00000000h   
@DataSize  . . . . . . . . . . .	Number	 00000000h   
@Interface . . . . . . . . . . .	Number	 00000001h   
@Model . . . . . . . . . . . . .	Number	 00000007h   
@code  . . . . . . . . . . . . .	Text   	 _TEXT
@data  . . . . . . . . . . . . .	Text   	 FLAT
@fardata?  . . . . . . . . . . .	Text   	 FLAT
@fardata . . . . . . . . . . . .	Text   	 FLAT
@stack . . . . . . . . . . . . .	Text   	 FLAT

	   0 Warnings
	   0 Errors
